{
  "envelope": {
    "P2": {
      "case": "D_S_W",
      "family": "P2",
      "recovered_vm_MPa": 74.83444144419404,
      "element": 964,
      "wall_segment": 3,
      "wall_fraction": 1.0,
      "S11_MPa": 70.61113739013672,
      "shear_flow_stress_MPa": 9.540754670594051,
      "torsional_face_stress_MPa": -4.7684603409028385,
      "shear_centre_torque_Nmm": -7222.6279296875,
      "shear_flow_centroid_torque_Nmm": 325471.63504111813,
      "centroid_total_torque_Nmm": 318249.00711143063
    },
    "P3": {
      "case": "D_S_W",
      "family": "P3",
      "recovered_vm_MPa": 48.99496194132471,
      "element": 4156,
      "wall_segment": 2,
      "wall_fraction": 1.0,
      "S11_MPa": -48.7991943359375,
      "shear_flow_stress_MPa": -1.1803186584923695,
      "torsional_face_stress_MPa": -1.3458726641157983,
      "shear_centre_torque_Nmm": -2038.5484619140625,
      "shear_flow_centroid_torque_Nmm": -34384.136819930434,
      "centroid_total_torque_Nmm": -36422.6852818445
    },
    "P4": {
      "case": "D_S_W",
      "family": "P4",
      "recovered_vm_MPa": 54.02237194025508,
      "element": 4133,
      "wall_segment": 3,
      "wall_fraction": 1.0,
      "S11_MPa": -53.931522369384766,
      "shear_flow_stress_MPa": -0.6601704775404597,
      "torsional_face_stress_MPa": -1.1479192115891148,
      "shear_centre_torque_Nmm": -1738.7149658203125,
      "shear_flow_centroid_torque_Nmm": -42640.63575833807,
      "centroid_total_torque_Nmm": -44379.35072415838
    },
    "P5": {
      "case": "D_S_W",
      "family": "P5",
      "recovered_vm_MPa": 213.0762329414951,
      "element": 3672,
      "wall_segment": 1,
      "wall_fraction": 1.0,
      "S11_MPa": 166.90792846679688,
      "shear_flow_stress_MPa": -2.9329052795363277,
      "torsional_face_stress_MPa": 73.53762163434709,
      "shear_centre_torque_Nmm": 87852.9453125,
      "shear_flow_centroid_torque_Nmm": -112123.48500827698,
      "centroid_total_torque_Nmm": -24270.539695776984
    },
    "P6": {
      "case": "D_S_W",
      "family": "P6",
      "recovered_vm_MPa": 21.986171976442762,
      "element": 4492,
      "wall_segment": 3,
      "wall_fraction": 1.0,
      "S11_MPa": 21.980558395385742,
      "shear_flow_stress_MPa": -0.0,
      "torsional_face_stress_MPa": -0.28682794189453126,
      "shear_centre_torque_Nmm": -215.12095642089844,
      "shear_flow_centroid_torque_Nmm": 1262.0394229888916,
      "centroid_total_torque_Nmm": 1046.9184665679932
    }
  },
  "auditmax": [
    1.8749713606747085e-12,
    0.0015741984052510816,
    0.1473353917116553
  ]
}
