[
  {
    "metric": "beam_mises_MPa",
    "paper": 210.5,
    "abaqus": 101.94474792480469,
    "case": "D_S_W",
    "error_percent": 51.57019100959397,
    "within_10_percent": false
  },
  {
    "metric": "column_mises_MPa",
    "paper": 114.0,
    "abaqus": 110.34471893310547,
    "case": "D_S_W",
    "error_percent": 3.2063869007846764,
    "within_10_percent": true
  },
  {
    "metric": "column_compression_N",
    "paper": 11670.44,
    "abaqus": 21525.208984375,
    "case": "D_S_W",
    "error_percent": 84.44213743762018,
    "within_10_percent": false
  }
]
