Analysis initiated from SIMULIA established products
Abaqus JOB Solar_021_rows_web_offset
Abaqus 2024
Abaqus License Manager checked out the following licenses:
Abaqus/Standard checked out 6 tokens from Flexnet server localhost.
<9985 out of 9999 licenses remain available>.
Begin Analysis Input File Processor
9/26/2026 8:25:20 PM
Run pre.exe
9/26/2026 8:25:29 PM
End Analysis Input File Processor
Begin Abaqus/Standard Analysis
9/26/2026 8:25:29 PM
Run standard.exe
9/26/2026 8:25:39 PM
End Abaqus/Standard Analysis
Begin SIM Wrap-up
9/26/2026 8:25:40 PM
Run SMASimUtility.exe
9/26/2026 8:25:40 PM
End SIM Wrap-up
Abaqus JOB Solar_021_rows_web_offset COMPLETED
