[
  {
    "metric": "beam_mises_MPa",
    "paper": 210.5,
    "abaqus": 56.747657775878906,
    "case": "D_S_W",
    "error_percent": 73.0414927430504,
    "within_10_percent": false
  },
  {
    "metric": "column_mises_MPa",
    "paper": 114.0,
    "abaqus": 47.01130294799805,
    "case": "D_S_W",
    "error_percent": 58.76201495789645,
    "within_10_percent": false
  },
  {
    "metric": "column_compression_N",
    "paper": 11670.44,
    "abaqus": 13456.5517578125,
    "case": "D_S_W",
    "error_percent": 15.304579414422244,
    "within_10_percent": false
  }
]
