[
  {
    "metric": "beam_mises_MPa",
    "paper": 210.5,
    "abaqus": 56.36336135864258,
    "case": "D_S_W",
    "error_percent": 73.22405636168999,
    "within_10_percent": false
  },
  {
    "metric": "column_mises_MPa",
    "paper": 114.0,
    "abaqus": 51.36298370361328,
    "case": "D_S_W",
    "error_percent": 54.944751137181335,
    "within_10_percent": false
  },
  {
    "metric": "column_compression_N",
    "paper": 11670.44,
    "abaqus": 13142.3955078125,
    "case": "D_S_W",
    "error_percent": 12.612682193751901,
    "within_10_percent": false
  }
]
