[
  {
    "metric": "beam_mises_MPa",
    "paper": 210.5,
    "abaqus": 212.03611755371094,
    "case": "D_S_W",
    "error_percent": 0.7297470563947447,
    "within_10_percent": true
  },
  {
    "metric": "column_mises_MPa",
    "paper": 114.0,
    "abaqus": 48.65500259399414,
    "case": "D_S_mW",
    "error_percent": 57.320173163163034,
    "within_10_percent": false
  },
  {
    "metric": "column_compression_N",
    "paper": 11670.44,
    "abaqus": 12547.21484375,
    "case": "D_S_W",
    "error_percent": 7.512783097723816,
    "within_10_percent": true
  }
]
