Analysis initiated from SIMULIA established products
Abaqus JOB Solar_022_eaves_pins_web_offset
Abaqus 2024
Abaqus License Manager checked out the following licenses:
Abaqus/Standard checked out 6 tokens from Flexnet server localhost.
<9979 out of 9999 licenses remain available>.
Begin Analysis Input File Processor
9/26/2026 8:25:28 PM
Run pre.exe
9/26/2026 8:25:37 PM
End Analysis Input File Processor
Begin Abaqus/Standard Analysis
9/26/2026 8:25:37 PM
Run standard.exe
9/26/2026 8:25:47 PM
End Abaqus/Standard Analysis
Begin SIM Wrap-up
9/26/2026 8:25:48 PM
Run SMASimUtility.exe
9/26/2026 8:25:48 PM
End SIM Wrap-up
Abaqus JOB Solar_022_eaves_pins_web_offset COMPLETED
