[
  {
    "metric": "beam_mises_MPa",
    "paper": 210.5,
    "abaqus": 56.409996032714844,
    "case": "D_S_W",
    "error_percent": 73.20190212222573,
    "within_10_percent": false
  },
  {
    "metric": "column_mises_MPa",
    "paper": 114.0,
    "abaqus": 51.19961166381836,
    "case": "D_S_W",
    "error_percent": 55.08805994401898,
    "within_10_percent": false
  },
  {
    "metric": "column_compression_N",
    "paper": 11670.44,
    "abaqus": 13085.701171875,
    "case": "D_S_W",
    "error_percent": 12.126887862625567,
    "within_10_percent": false
  }
]
