[
  {
    "case": "D_S_W", 
    "paper": 210.5, 
    "abaqus": 72.0025634765625, 
    "within_10_percent": false, 
    "metric": "beam_mises_MPa", 
    "error_percent": 65.79450666196556
  }, 
  {
    "case": "D_S_W", 
    "paper": 114.0, 
    "abaqus": 53.931522369384766, 
    "within_10_percent": false, 
    "metric": "column_mises_MPa", 
    "error_percent": 52.69164704439933
  }, 
  {
    "case": "D_S_W", 
    "paper": 11670.44, 
    "abaqus": 13149.6796875, 
    "within_10_percent": false, 
    "metric": "column_compression_N", 
    "error_percent": 12.675097832643836
  }
]
