Analysis initiated from SIMULIA established products
Abaqus JOB Solar_013_abaqus2018
Abaqus 3DEXPERIENCE R2018x
Abaqus License Manager checked out the following licenses:
Abaqus/Standard checked out 6 tokens from Flexnet server localhost.
<9993 out of 9999 licenses remain available>.
Begin Analysis Input File Processor
9/26/2026 8:04:49 PM
Run pre.exe
9/26/2026 8:04:59 PM
End Analysis Input File Processor
Begin Abaqus/Standard Analysis
9/26/2026 8:04:59 PM
Run standard.exe
9/26/2026 8:05:11 PM
End Abaqus/Standard Analysis
Begin Convert MFS to SFS
9/26/2026 8:05:13 PM
Run SMASimUtility.exe
9/26/2026 8:05:13 PM
End Convert MFS to SFS
Abaqus JOB Solar_013_abaqus2018 COMPLETED
