[
  {
    "metric": "beam_mises_MPa",
    "paper": 210.5,
    "abaqus": 74.06733703613281,
    "case": "D_S_W",
    "error_percent": 64.81361660991315,
    "within_10_percent": false
  },
  {
    "metric": "column_mises_MPa",
    "paper": 114.0,
    "abaqus": 54.8316764831543,
    "case": "D_S_W",
    "error_percent": 51.902038172671666,
    "within_10_percent": false
  },
  {
    "metric": "column_compression_N",
    "paper": 11670.44,
    "abaqus": 13133.4970703125,
    "case": "D_S_W",
    "error_percent": 12.536434532995322,
    "within_10_percent": false
  }
]
