 Abaqus/Standard 2024                  DATE 26-Sep-2026 TIME 20:11:40
 SUMMARY OF JOB INFORMATION:
 STEP  INC ATT SEVERE EQUIL TOTAL  TOTAL      STEP       INC OF       DOF    IF
               DISCON ITERS ITERS  TIME/    TIME/LPF    TIME/LPF    MONITOR RIKS
               ITERS               FREQ
   1     1   1     0     2     2  0.100      0.100      0.1000    
   1     2   1     0     1     1  0.200      0.200      0.1000    
   1     3   1     0     2     2  0.350      0.350      0.1500    
   1     4   1     0     2     2  0.550      0.550      0.2000    
   1     5   1     0     2     2  0.750      0.750      0.2000    
   1     6   1     0     2     2  0.950      0.950      0.2000    
   1     7   1     0     1     1  1.00       1.00       0.05000   
   2     1   1     0     3     3  1.10       0.100      0.1000    
   2     2   1     0     2     2  1.20       0.200      0.1000    
   2     3   1     0     3     3  1.35       0.350      0.1500    
   2     4   1     0     3     3  1.55       0.550      0.2000    
   2     5   1     0     3     3  1.75       0.750      0.2000    
   2     6   1     0     4     4  1.95       0.950      0.2000    
   2     7   1     0     3     3  2.00       1.00       0.05000   
   3     1   1     0     5     5  2.10       0.100      0.1000    
   3     2   1     0     3     3  2.20       0.200      0.1000    
   3     3   1     0     3     3  2.30       0.300      0.1000    
   3     4   1     0     3     3  2.45       0.450      0.1500    
   3     5   1     0     3     3  2.65       0.650      0.2000    
   3     6   1     0     3     3  2.85       0.850      0.2000    
   3     7   1     0     3     3  3.00       1.00       0.1500    
   4     1   1     0     3     3  3.10       0.100      0.1000    
   4     2   1     0     2     2  3.20       0.200      0.1000    
   4     3   1     0     3     3  3.35       0.350      0.1500    
   4     4   1     0     3     3  3.55       0.550      0.2000    
   4     5   1     0     3     3  3.75       0.750      0.2000    
   4     6   1     0     4     4  3.95       0.950      0.2000    
   4     7   1     0     3     3  4.00       1.00       0.05000   
   5     1   1     0     4     4  4.10       0.100      0.1000    
   5     2   1     0     2     2  4.20       0.200      0.1000    
   5     3   1     0     3     3  4.35       0.350      0.1500    
   5     4   1     0     3     3  4.55       0.550      0.2000    
   5     5   1     0     3     3  4.75       0.750      0.2000    
   5     6   1     0     3     3  4.95       0.950      0.2000    
   5     7   1     0     2     2  5.00       1.00       0.05000   
   6     1   1     0     4     4  5.10       0.100      0.1000    
   6     2   1     0     2     2  5.20       0.200      0.1000    
   6     3   1     0     2     2  5.35       0.350      0.1500    
   6     4   1     0     2     2  5.55       0.550      0.2000    
   6     5   1     0     2     2  5.75       0.750      0.2000    
   6     6   1     0     2     2  5.95       0.950      0.2000    
   6     7   1     0     1     1  6.00       1.00       0.05000   
   7     1   1     0     6     6  6.10       0.100      0.1000    
   7     2   1     0     2     2  6.20       0.200      0.1000    
   7     3   1     0     2     2  6.30       0.300      0.1000    
   7     4   1     0     3     3  6.45       0.450      0.1500    
   7     5   1     0     3     3  6.65       0.650      0.2000    
   7     6   1     0     3     3  6.85       0.850      0.2000    
   7     7   1     0     3     3  7.00       1.00       0.1500    
   8     1   1     0     6     6  7.10       0.100      0.1000    
   8     2   1     0     3     3  7.20       0.200      0.1000    
   8     3   1     0     3     3  7.30       0.300      0.1000    
   8     4   1     0     3     3  7.45       0.450      0.1500    
   8     5   1     0     3     3  7.65       0.650      0.2000    
   8     6   1     0     3     3  7.85       0.850      0.2000    
   8     7   1     0     3     3  8.00       1.00       0.1500    
   9     1   1     0     3     3  8.10       0.100      0.1000    
   9     2   1     0     1     1  8.20       0.200      0.1000    
   9     3   1     0     1     1  8.35       0.350      0.1500    
   9     4   1     0     2     2  8.55       0.550      0.2000    
   9     5   1     0     1     1  8.75       0.750      0.2000    
   9     6   1     0     1     1  8.95       0.950      0.2000    
   9     7   1     0     1     1  9.00       1.00       0.05000   
                          
 THE ANALYSIS HAS COMPLETED SUCCESSFULLY
