Analysis initiated from SIMULIA established products
Abaqus JOB Solar_009_two_eaves
Abaqus 2024
Abaqus License Manager checked out the following licenses:
Abaqus/Standard checked out 6 tokens from Flexnet server localhost.
<9993 out of 9999 licenses remain available>.
Begin Analysis Input File Processor
9/26/2026 8:01:40 PM
Run pre.exe
9/26/2026 8:01:49 PM
End Analysis Input File Processor
Begin Abaqus/Standard Analysis
9/26/2026 8:01:49 PM
Run standard.exe
9/26/2026 8:01:59 PM
End Abaqus/Standard Analysis
Begin SIM Wrap-up
9/26/2026 8:02:00 PM
Run SMASimUtility.exe
9/26/2026 8:02:00 PM
End SIM Wrap-up
Abaqus JOB Solar_009_two_eaves COMPLETED
